
> 4cima-full-stack@2.0.0 build
> next build

   Γû▓ Next.js 15.5.21
   - Environments: .env.local
   - Experiments (use with caution):
     ┬╖ optimizePackageImports

   Creating an optimized production build ...
 Γ£ô Compiled successfully in 5.0s
   Linting and checking validity of types ...

 ΓÜá The Next.js plugin was not detected in your ESLint configuration. See https://nextjs.org/docs/app/api-reference/config/eslint#migrating-existing-config

Failed to compile.

./src/app/admin/movies/page.tsx
4:44  Warning: 'Eye' is defined but never used.  @typescript-eslint/no-unused-vars

./src/app/api/movies/route.ts
31:17  Warning: Unexpected any. Specify a different type.  @typescript-eslint/no-explicit-any

./src/app/api/movies/[slug]/cast/route.ts
16:12  Warning: 'error' is defined but never used.  @typescript-eslint/no-unused-vars

./src/app/api/movies/[slug]/similar/route.ts
16:12  Warning: 'error' is defined but never used.  @typescript-eslint/no-unused-vars

./src/app/api/series/route.ts
32:17  Warning: Unexpected any. Specify a different type.  @typescript-eslint/no-explicit-any

./src/app/api/series/[slug]/route.ts
39:14  Warning: 'e' is defined but never used.  @typescript-eslint/no-unused-vars

./src/app/api/tv/[slug]/cast/route.ts
16:12  Warning: 'error' is defined but never used.  @typescript-eslint/no-unused-vars

./src/app/api/tv/[slug]/similar/route.ts
16:12  Warning: 'error' is defined but never used.  @typescript-eslint/no-unused-vars

./src/app/contact/page.tsx
4:44  Warning: 'MapPin' is defined but never used.  @typescript-eslint/no-unused-vars
4:52  Warning: 'Phone' is defined but never used.  @typescript-eslint/no-unused-vars

./src/app/genres/page.tsx
45:31  Warning: Unexpected any. Specify a different type.  @typescript-eslint/no-explicit-any

./src/app/genres/[slug]/page.tsx
28:12  Warning: 'error' is defined but never used.  @typescript-eslint/no-unused-vars
54:12  Warning: 'error' is defined but never used.  @typescript-eslint/no-unused-vars

./src/app/page.tsx
15:3  Warning: 'Info' is defined but never used.  @typescript-eslint/no-unused-vars
120:26  Warning: Unexpected any. Specify a different type.  @typescript-eslint/no-explicit-any
126:14  Warning: 'e' is defined but never used.  @typescript-eslint/no-unused-vars
242:9  Warning: 'handleToggleWatchlist' is assigned a value but never used.  @typescript-eslint/no-unused-vars
242:55  Warning: 'id' is defined but never used. Allowed unused args must match /^_/u.  @typescript-eslint/no-unused-vars

./src/app/series/[slug]/season/[season]/page.tsx
12:40  Warning: Unexpected any. Specify a different type.  @typescript-eslint/no-explicit-any
13:44  Warning: Unexpected any. Specify a different type.  @typescript-eslint/no-explicit-any
54:33  Warning: Unexpected any. Specify a different type.  @typescript-eslint/no-explicit-any

./src/app/sitemap.ts
67:64  Warning: Unexpected any. Specify a different type.  @typescript-eslint/no-explicit-any
75:61  Warning: Unexpected any. Specify a different type.  @typescript-eslint/no-explicit-any

./src/components/common/ErrorMessage.tsx
84:9  Warning: 'pathname' is assigned a value but never used.  @typescript-eslint/no-unused-vars

./src/components/common/GlassButton.tsx
2:10  Warning: 'clsx' is defined but never used.  @typescript-eslint/no-unused-vars

./src/components/common/MovieCard.tsx
23:3  Warning: 'id' is defined but never used. Allowed unused args must match /^_/u.  @typescript-eslint/no-unused-vars

./src/components/common/OptimizedImage.tsx
4:10  Warning: 'Loader2' is defined but never used.  @typescript-eslint/no-unused-vars

./src/components/common/PrefetchLink.tsx
36:35  Warning: Unexpected any. Specify a different type.  @typescript-eslint/no-explicit-any

./src/components/common/ShareButton.tsx
17:10  Warning: 'isOpen' is assigned a value but never used.  @typescript-eslint/no-unused-vars
17:18  Warning: 'setIsOpen' is assigned a value but never used.  @typescript-eslint/no-unused-vars
19:9  Warning: 'menuRef' is assigned a value but never used.  @typescript-eslint/no-unused-vars
43:21  Warning: Unexpected any. Specify a different type.  @typescript-eslint/no-explicit-any

./src/components/common/Skeleton/index.tsx
3:10  Warning: 'motion' is defined but never used.  @typescript-eslint/no-unused-vars

./src/components/features/filters/NeonConnectorGrid.tsx
67:32  Warning: 'index' is defined but never used. Allowed unused args must match /^_/u.  @typescript-eslint/no-unused-vars

./src/components/features/hero/MarqueeBanner.tsx
14:9  Warning: 'direction' is never reassigned. Use 'const' instead.  prefer-const
15:9  Warning: 'position' is never reassigned. Use 'const' instead.  prefer-const
16:9  Warning: 'speed' is never reassigned. Use 'const' instead.  prefer-const

./src/components/features/hero/QuantumHero.tsx
5:10  Warning: 'motion' is defined but never used.  @typescript-eslint/no-unused-vars
5:18  Warning: 'AnimatePresence' is defined but never used.  @typescript-eslint/no-unused-vars
6:10  Warning: 'Play' is defined but never used.  @typescript-eslint/no-unused-vars
6:16  Warning: 'Volume2' is defined but never used.  @typescript-eslint/no-unused-vars
6:25  Warning: 'VolumeX' is defined but never used.  @typescript-eslint/no-unused-vars
7:8  Warning: 'Link' is defined but never used.  @typescript-eslint/no-unused-vars
11:10  Warning: 'translateGenre' is defined but never used.  @typescript-eslint/no-unused-vars
11:26  Warning: 'getCountryLabel' is defined but never used.  @typescript-eslint/no-unused-vars
11:43  Warning: 'getMediaTypeLabel' is defined but never used.  @typescript-eslint/no-unused-vars
11:62  Warning: 'getMediaTypeColor' is defined but never used.  @typescript-eslint/no-unused-vars
22:54  Warning: Unexpected any. Specify a different type.  @typescript-eslint/no-explicit-any
26:10  Warning: 'isMuted' is assigned a value but never used.  @typescript-eslint/no-unused-vars
26:19  Warning: 'setIsMuted' is assigned a value but never used.  @typescript-eslint/no-unused-vars
64:17  Warning: Unexpected any. Specify a different type.  @typescript-eslint/no-explicit-any
70:16  Warning: 'e' is defined but never used.  @typescript-eslint/no-unused-vars
70:19  Warning: Unexpected any. Specify a different type.  @typescript-eslint/no-explicit-any
81:35  Warning: Unexpected any. Specify a different type.  @typescript-eslint/no-explicit-any
112:19  Warning: 'trailerKey' is assigned a value but never used.  @typescript-eslint/no-unused-vars
113:19  Warning: 'isHovered' is assigned a value but never used.  @typescript-eslint/no-unused-vars

./src/components/features/home/HomeBelowFoldSections.tsx
3:10  Warning: 'tmdb' is defined but never used.  @typescript-eslint/no-unused-vars
6:49  Warning: 'Play' is defined but never used.  @typescript-eslint/no-unused-vars
6:55  Warning: 'BookOpen' is defined but never used.  @typescript-eslint/no-unused-vars
6:65  Warning: 'Baby' is defined but never used.  @typescript-eslint/no-unused-vars
6:71  Warning: 'Languages' is defined but never used.  @typescript-eslint/no-unused-vars
9:10  Warning: 'getTrendingDailyMotionDB' is defined but never used.  @typescript-eslint/no-unused-vars
14:10  Warning: 'CONFIG' is defined but never used.  @typescript-eslint/no-unused-vars
21:7  Warning: 'mapResults' is assigned a value but never used.  @typescript-eslint/no-unused-vars
21:27  Warning: Unexpected any. Specify a different type.  @typescript-eslint/no-explicit-any
22:43  Warning: Unexpected any. Specify a different type.  @typescript-eslint/no-explicit-any
45:10  Warning: Unexpected any. Specify a different type.  @typescript-eslint/no-explicit-any
96:22  Warning: Unexpected any. Specify a different type.  @typescript-eslint/no-explicit-any
108:35  Warning: Unexpected any. Specify a different type.  @typescript-eslint/no-explicit-any
145:16  Warning: 'e' is defined but never used.  @typescript-eslint/no-unused-vars
145:19  Warning: Unexpected any. Specify a different type.  @typescript-eslint/no-explicit-any
167:16  Warning: 'e' is defined but never used.  @typescript-eslint/no-unused-vars
167:19  Warning: Unexpected any. Specify a different type.  @typescript-eslint/no-explicit-any
189:16  Warning: 'e' is defined but never used.  @typescript-eslint/no-unused-vars
189:19  Warning: Unexpected any. Specify a different type.  @typescript-eslint/no-explicit-any
211:16  Warning: 'e' is defined but never used.  @typescript-eslint/no-unused-vars
211:19  Warning: Unexpected any. Specify a different type.  @typescript-eslint/no-explicit-any
237:18  Warning: 'e' is defined but never used.  @typescript-eslint/no-unused-vars
237:21  Warning: Unexpected any. Specify a different type.  @typescript-eslint/no-explicit-any
274:16  Warning: 'e' is defined but never used.  @typescript-eslint/no-unused-vars
274:19  Warning: Unexpected any. Specify a different type.  @typescript-eslint/no-explicit-any

./src/components/features/media/AiInsights.tsx
30:14  Warning: 'err' is defined but never used.  @typescript-eslint/no-unused-vars
30:19  Warning: Unexpected any. Specify a different type.  @typescript-eslint/no-explicit-any

./src/components/features/media/ContentGrid.tsx
8:10  Warning: Unexpected any. Specify a different type.  @typescript-eslint/no-explicit-any
21:22  Warning: Unexpected any. Specify a different type.  @typescript-eslint/no-explicit-any
49:38  Warning: Unexpected any. Specify a different type.  @typescript-eslint/no-explicit-any

./src/components/features/media/ContinueWatchingRow.tsx
59:23  Warning: 'i' is defined but never used. Allowed unused args must match /^_/u.  @typescript-eslint/no-unused-vars

./src/components/features/media/EmbedPlayer.tsx
3:10  Warning: 'motion' is defined but never used.  @typescript-eslint/no-unused-vars
32:68  Warning: 'toggleCinemaMode' is defined but never used. Allowed unused args must match /^_/u.  @typescript-eslint/no-unused-vars
35:10  Warning: 'isIframeLoading' is assigned a value but never used.  @typescript-eslint/no-unused-vars
58:5  Error: Definition for rule 'react-hooks/set-state-in-effect' was not found.  react-hooks/set-state-in-effect
126:9  Warning: 'isOffline' is assigned a value but never used.  @typescript-eslint/no-unused-vars
127:9  Warning: 'isDegraded' is assigned a value but never used.  @typescript-eslint/no-unused-vars

./src/components/features/media/EpisodeSelector.tsx
2:20  Warning: 'useEffect' is defined but never used.  @typescript-eslint/no-unused-vars
78:8  Warning: Unexpected constant truthiness on the left-hand side of a `&&` expression.  no-constant-binary-expression
78:8  Warning: Unexpected constant truthiness on the left-hand side of a `&&` expression.  no-constant-binary-expression

./src/components/features/media/MovieCard.tsx
1:1  Warning: Do not use "@ts-nocheck" because it alters compilation errors.  @typescript-eslint/ban-ts-comment
40:12  Warning: Unexpected any. Specify a different type.  @typescript-eslint/no-explicit-any
46:52  Warning: 'isVisible' is defined but never used. Allowed unused args must match /^_/u.  @typescript-eslint/no-unused-vars
49:63  Warning: Unexpected any. Specify a different type.  @typescript-eslint/no-explicit-any
122:88  Warning: Unexpected any. Specify a different type.  @typescript-eslint/no-explicit-any
147:19  Warning: Unexpected any. Specify a different type.  @typescript-eslint/no-explicit-any
163:19  Warning: Unexpected any. Specify a different type.  @typescript-eslint/no-explicit-any
188:28  Warning: Unexpected any. Specify a different type.  @typescript-eslint/no-explicit-any
189:17  Warning: Unexpected any. Specify a different type.  @typescript-eslint/no-explicit-any
265:28  Warning: Unexpected any. Specify a different type.  @typescript-eslint/no-explicit-any

./src/components/features/media/MovieRow.tsx
27:48  Warning: 'isSeries' is defined but never used. Allowed unused args must match /^_/u.  @typescript-eslint/no-unused-vars
52:38  Warning: Unexpected any. Specify a different type.  @typescript-eslint/no-explicit-any

./src/components/features/media/QuantumTrain.tsx
27:10  Warning: Unexpected any. Specify a different type.  @typescript-eslint/no-explicit-any

./src/components/features/media/QuantumTrainWithRatings.tsx
13:10  Warning: Unexpected any. Specify a different type.  @typescript-eslint/no-explicit-any

./src/components/features/media/ServerSwitcher.tsx
2:10  Warning: 'supabase' is defined but never used.  @typescript-eslint/no-unused-vars
93:17  Warning: Unexpected any. Specify a different type.  @typescript-eslint/no-explicit-any

./src/components/features/media/SubtitleManager.tsx
3:10  Warning: 'Search' is defined but never used.  @typescript-eslint/no-unused-vars
17:10  Warning: 'error' is assigned a value but never used.  @typescript-eslint/no-unused-vars
18:17  Warning: 'setQuery' is assigned a value but never used.  @typescript-eslint/no-unused-vars
34:21  Warning: Unexpected any. Specify a different type.  @typescript-eslint/no-explicit-any

./src/components/features/media/VideoCard.tsx
6:16  Warning: 'Plus' is defined but never used.  @typescript-eslint/no-unused-vars
6:22  Warning: 'Check' is defined but never used.  @typescript-eslint/no-unused-vars
44:24  Warning: 'setTrailerKey' is assigned a value but never used.  @typescript-eslint/no-unused-vars
93:11  Warning: 'mounted' is assigned a value but never used.  @typescript-eslint/no-unused-vars
190:28  Warning: Unexpected any. Specify a different type.  @typescript-eslint/no-explicit-any

./src/components/features/media/VideoPlayer.tsx
3:10  Warning: 'lazy' is defined but never used.  @typescript-eslint/no-unused-vars
15:3  Warning: 'RotateCcw' is defined but never used.  @typescript-eslint/no-unused-vars
16:3  Warning: 'RotateCw' is defined but never used.  @typescript-eslint/no-unused-vars
17:3  Warning: 'FastForward' is defined but never used.  @typescript-eslint/no-unused-vars
18:3  Warning: 'Rewind' is defined but never used.  @typescript-eslint/no-unused-vars
21:3  Warning: 'ExternalLink' is defined but never used.  @typescript-eslint/no-unused-vars
33:21  Warning: A `require()` style import is forbidden.  @typescript-eslint/no-require-imports
46:25  Warning: Unexpected any. Specify a different type.  @typescript-eslint/no-explicit-any
53:118  Warning: 'onDuration' is defined but never used. Allowed unused args must match /^_/u.  @typescript-eslint/no-unused-vars
98:28  Warning: Unexpected any. Specify a different type.  @typescript-eslint/no-explicit-any
100:37  Warning: Unexpected any. Specify a different type.  @typescript-eslint/no-explicit-any
161:21  Warning: Unexpected any. Specify a different type.  @typescript-eslint/no-explicit-any
491:26  Warning: Unexpected any. Specify a different type.  @typescript-eslint/no-explicit-any

./src/components/features/reviews/AggregateRating.tsx
67:16  Warning: 'err' is defined but never used.  @typescript-eslint/no-unused-vars
67:21  Warning: Unexpected any. Specify a different type.  @typescript-eslint/no-explicit-any

./src/components/features/reviews/EditReviewModal.tsx
12:10  Warning: 'AlertCircle' is defined but never used.  @typescript-eslint/no-unused-vars
131:21  Warning: Unexpected any. Specify a different type.  @typescript-eslint/no-explicit-any

./src/components/features/reviews/ReportReviewDialog.tsx
96:21  Warning: Unexpected any. Specify a different type.  @typescript-eslint/no-explicit-any

./src/components/features/reviews/ReviewForm.tsx
11:31  Warning: 'useCallback' is defined but never used.  @typescript-eslint/no-unused-vars
72:21  Warning: Unexpected any. Specify a different type.  @typescript-eslint/no-explicit-any
98:21  Warning: Unexpected any. Specify a different type.  @typescript-eslint/no-explicit-any
122:19  Warning: Unexpected any. Specify a different type.  @typescript-eslint/no-explicit-any

./src/components/features/reviews/ReviewList.tsx
110:14  Warning: 'err' is defined but never used.  @typescript-eslint/no-unused-vars
110:19  Warning: Unexpected any. Specify a different type.  @typescript-eslint/no-explicit-any

./src/components/features/sections/QuickAccessGrid.tsx
4:10  Warning: 'Film' is defined but never used.  @typescript-eslint/no-unused-vars
4:16  Warning: 'Tv' is defined but never used.  @typescript-eslint/no-unused-vars
4:20  Warning: 'TrendingUp' is defined but never used.  @typescript-eslint/no-unused-vars
4:32  Warning: 'Star' is defined but never used.  @typescript-eslint/no-unused-vars
10:9  Warning: Unexpected any. Specify a different type.  @typescript-eslint/no-explicit-any

./src/components/features/social/ActivityItem.tsx
27:10  Warning: 'logger' is defined but never used.  @typescript-eslint/no-unused-vars
97:16  Warning: 'err' is defined but never used.  @typescript-eslint/no-unused-vars
97:21  Warning: Unexpected any. Specify a different type.  @typescript-eslint/no-explicit-any
132:14  Warning: 'err' is defined but never used.  @typescript-eslint/no-unused-vars
132:19  Warning: Unexpected any. Specify a different type.  @typescript-eslint/no-explicit-any
137:96  Warning: Unexpected any. Specify a different type.  @typescript-eslint/no-explicit-any
154:27  Warning: Unexpected any. Specify a different type.  @typescript-eslint/no-explicit-any
155:24  Warning: Unexpected any. Specify a different type.  @typescript-eslint/no-explicit-any

./src/components/features/social/AddToListModal.tsx
7:10  Warning: 'logger' is defined but never used.  @typescript-eslint/no-unused-vars
18:38  Warning: Unexpected any. Specify a different type.  @typescript-eslint/no-explicit-any
35:28  Warning: Unexpected any. Specify a different type.  @typescript-eslint/no-explicit-any
40:14  Warning: 'error' is defined but never used.  @typescript-eslint/no-unused-vars
40:21  Warning: Unexpected any. Specify a different type.  @typescript-eslint/no-explicit-any
63:14  Warning: 'error' is defined but never used.  @typescript-eslint/no-unused-vars
63:21  Warning: Unexpected any. Specify a different type.  @typescript-eslint/no-explicit-any
77:14  Warning: 'error' is defined but never used.  @typescript-eslint/no-unused-vars
77:21  Warning: Unexpected any. Specify a different type.  @typescript-eslint/no-explicit-any

./src/components/features/social/Challenges.tsx
6:10  Warning: 'logger' is defined but never used.  @typescript-eslint/no-unused-vars
13:32  Warning: Unexpected any. Specify a different type.  @typescript-eslint/no-explicit-any
18:56  Warning: Unexpected any. Specify a different type.  @typescript-eslint/no-explicit-any
19:66  Warning: Unexpected any. Specify a different type.  @typescript-eslint/no-explicit-any
30:14  Warning: 'error' is defined but never used.  @typescript-eslint/no-unused-vars
30:21  Warning: Unexpected any. Specify a different type.  @typescript-eslint/no-explicit-any

./src/components/features/social/Leaderboard.tsx
6:8  Warning: 'clsx' is defined but never used.  @typescript-eslint/no-unused-vars
7:10  Warning: 'logger' is defined but never used.  @typescript-eslint/no-unused-vars
22:14  Warning: 'error' is defined but never used.  @typescript-eslint/no-unused-vars
22:21  Warning: Unexpected any. Specify a different type.  @typescript-eslint/no-explicit-any
167:41  Warning: 'idx' is defined but never used. Allowed unused args must match /^_/u.  @typescript-eslint/no-unused-vars

./src/components/features/social/PlaylistManager.tsx
9:10  Warning: 'clsx' is defined but never used.  @typescript-eslint/no-unused-vars
10:10  Warning: 'logger' is defined but never used.  @typescript-eslint/no-unused-vars
25:14  Warning: 'err' is defined but never used.  @typescript-eslint/no-unused-vars
25:19  Warning: Unexpected any. Specify a different type.  @typescript-eslint/no-explicit-any
74:14  Warning: 'err' is defined but never used.  @typescript-eslint/no-unused-vars
74:19  Warning: Unexpected any. Specify a different type.  @typescript-eslint/no-explicit-any

./src/components/features/social/ReviewVotes.tsx
5:10  Warning: 'motion' is defined but never used.  @typescript-eslint/no-unused-vars
7:10  Warning: 'logger' is defined but never used.  @typescript-eslint/no-unused-vars
23:14  Warning: 'error' is defined but never used.  @typescript-eslint/no-unused-vars
23:21  Warning: Unexpected any. Specify a different type.  @typescript-eslint/no-explicit-any
50:14  Warning: 'error' is defined but never used.  @typescript-eslint/no-unused-vars
50:21  Warning: Unexpected any. Specify a different type.  @typescript-eslint/no-explicit-any

./src/components/features/social/UserListsTab.tsx
7:10  Warning: 'logger' is defined but never used.  @typescript-eslint/no-unused-vars
15:38  Warning: Unexpected any. Specify a different type.  @typescript-eslint/no-explicit-any
22:14  Warning: 'error' is defined but never used.  @typescript-eslint/no-unused-vars
22:21  Warning: Unexpected any. Specify a different type.  @typescript-eslint/no-explicit-any
39:14  Warning: 'error' is defined but never used.  @typescript-eslint/no-unused-vars
39:21  Warning: Unexpected any. Specify a different type.  @typescript-eslint/no-explicit-any

./src/components/features/system/AdsManager.tsx
82:17  Warning: Unexpected any. Specify a different type.  @typescript-eslint/no-explicit-any
95:17  Warning: Unexpected any. Specify a different type.  @typescript-eslint/no-explicit-any

./src/components/features/system/PwaInstallPrompt.tsx
16:31  Warning: Unexpected any. Specify a different type.  @typescript-eslint/no-explicit-any

./src/components/features/user/NotificationCenter.tsx
8:10  Warning: 'ar' is defined but never used.  @typescript-eslint/no-unused-vars
10:10  Warning: 'logger' is defined but never used.  @typescript-eslint/no-unused-vars
25:14  Warning: 'err' is defined but never used.  @typescript-eslint/no-unused-vars
25:19  Warning: Unexpected any. Specify a different type.  @typescript-eslint/no-explicit-any
41:14  Warning: 'err' is defined but never used.  @typescript-eslint/no-unused-vars
41:19  Warning: Unexpected any. Specify a different type.  @typescript-eslint/no-explicit-any
53:14  Warning: 'err' is defined but never used.  @typescript-eslint/no-unused-vars
53:19  Warning: Unexpected any. Specify a different type.  @typescript-eslint/no-explicit-any
66:14  Warning: 'err' is defined but never used.  @typescript-eslint/no-unused-vars
66:19  Warning: Unexpected any. Specify a different type.  @typescript-eslint/no-explicit-any

./src/components/features/user/WatchlistCard.tsx
28:3  Warning: 'created_at' is defined but never used. Allowed unused args must match /^_/u.  @typescript-eslint/no-unused-vars

./src/components/layout/QuantumNavbar.tsx
6:20  Warning: 'useRef' is defined but never used.  @typescript-eslint/no-unused-vars
7:26  Warning: 'Gamepad2' is defined but never used.  @typescript-eslint/no-unused-vars
7:47  Warning: 'Search' is defined but never used.  @typescript-eslint/no-unused-vars
7:64  Warning: 'Mic' is defined but never used.  @typescript-eslint/no-unused-vars
7:69  Warning: 'Loader2' is defined but never used.  @typescript-eslint/no-unused-vars
11:10  Warning: 'scrolled' is assigned a value but never used.  @typescript-eslint/no-unused-vars
34:10  Warning: 'isListening' is assigned a value but never used.  @typescript-eslint/no-unused-vars
36:9  Warning: 'handleSearch' is assigned a value but never used.  @typescript-eslint/no-unused-vars
43:9  Warning: 'startListening' is assigned a value but never used.  @typescript-eslint/no-unused-vars
45:44  Warning: Unexpected any. Specify a different type.  @typescript-eslint/no-explicit-any
45:87  Warning: Unexpected any. Specify a different type.  @typescript-eslint/no-explicit-any
55:38  Warning: Unexpected any. Specify a different type.  @typescript-eslint/no-explicit-any

./src/components/layout/SimpleNavbar.tsx
5:50  Warning: 'Search' is defined but never used.  @typescript-eslint/no-unused-vars

./src/components/pages/CategoryHub.tsx
8:10  Warning: 'SectionHeader' is defined but never used.  @typescript-eslint/no-unused-vars
10:15  Warning: 'ContentType' is defined but never used.  @typescript-eslint/no-unused-vars
12:36  Warning: Unexpected any. Specify a different type.  @typescript-eslint/no-explicit-any
24:7  Warning: 'YEARS' is assigned a value but never used.  @typescript-eslint/no-unused-vars
39:42  Warning: Unexpected any. Specify a different type.  @typescript-eslint/no-explicit-any
40:10  Warning: 'featuredContent' is assigned a value but never used.  @typescript-eslint/no-unused-vars
40:58  Warning: Unexpected any. Specify a different type.  @typescript-eslint/no-explicit-any
41:48  Warning: Unexpected any. Specify a different type.  @typescript-eslint/no-explicit-any
43:10  Warning: 'page' is assigned a value but never used.  @typescript-eslint/no-unused-vars
45:10  Warning: 'totalPages' is assigned a value but never used.  @typescript-eslint/no-unused-vars
75:23  Warning: Unexpected any. Specify a different type.  @typescript-eslint/no-explicit-any
91:74  Warning: Unexpected any. Specify a different type.  @typescript-eslint/no-explicit-any
106:23  Warning: Unexpected any. Specify a different type.  @typescript-eslint/no-explicit-any
153:54  Warning: Unexpected any. Specify a different type.  @typescript-eslint/no-explicit-any
211:9  Warning: 'hubTitle' is assigned a value but never used.  @typescript-eslint/no-unused-vars

./src/components/pages/GenrePageClient.tsx
4:20  Warning: 'Calendar' is defined but never used.  @typescript-eslint/no-unused-vars
4:30  Warning: 'Star' is defined but never used.  @typescript-eslint/no-unused-vars
16:16  Warning: Unexpected any. Specify a different type.  @typescript-eslint/no-explicit-any
87:36  Warning: Unexpected any. Specify a different type.  @typescript-eslint/no-explicit-any
100:36  Warning: Unexpected any. Specify a different type.  @typescript-eslint/no-explicit-any
114:36  Warning: Unexpected any. Specify a different type.  @typescript-eslint/no-explicit-any
145:35  Warning: Unexpected any. Specify a different type.  @typescript-eslint/no-explicit-any
154:55  Warning: Unexpected any. Specify a different type.  @typescript-eslint/no-explicit-any
166:55  Warning: Unexpected any. Specify a different type.  @typescript-eslint/no-explicit-any

./src/components/pages/MovieDetailsClient.tsx
5:16  Warning: 'Heart' is defined but never used.  @typescript-eslint/no-unused-vars
7:8  Warning: 'clsx' is defined but never used.  @typescript-eslint/no-unused-vars
13:1  Warning: Use "@ts-expect-error" instead of "@ts-ignore", as "@ts-ignore" will do nothing if the following line is error-free.  @typescript-eslint/ban-ts-comment
14:31  Warning: Unexpected any. Specify a different type.  @typescript-eslint/no-explicit-any
17:10  Warning: Unexpected any. Specify a different type.  @typescript-eslint/no-explicit-any
63:40  Warning: Unexpected any. Specify a different type.  @typescript-eslint/no-explicit-any
128:35  Warning: Unexpected any. Specify a different type.  @typescript-eslint/no-explicit-any
192:38  Warning: Unexpected any. Specify a different type.  @typescript-eslint/no-explicit-any

./src/components/pages/MovieDetailsPage.tsx
6:52  Warning: 'Users' is defined but never used.  @typescript-eslint/no-unused-vars
13:1  Warning: Use "@ts-expect-error" instead of "@ts-ignore", as "@ts-ignore" will do nothing if the following line is error-free.  @typescript-eslint/ban-ts-comment
14:31  Warning: Unexpected any. Specify a different type.  @typescript-eslint/no-explicit-any
17:9  Warning: 'router' is assigned a value but never used.  @typescript-eslint/no-unused-vars
18:38  Warning: Unexpected any. Specify a different type.  @typescript-eslint/no-explicit-any
19:19  Warning: 'setSimilar' is assigned a value but never used.  @typescript-eslint/no-unused-vars
19:42  Warning: Unexpected any. Specify a different type.  @typescript-eslint/no-explicit-any
20:36  Warning: Unexpected any. Specify a different type.  @typescript-eslint/no-explicit-any
75:9  Warning: 'runtime' is assigned a value but never used.  @typescript-eslint/no-unused-vars
76:9  Warning: 'releaseDate' is assigned a value but never used.  @typescript-eslint/no-unused-vars
83:40  Warning: Unexpected any. Specify a different type.  @typescript-eslint/no-explicit-any
190:41  Warning: Unexpected any. Specify a different type.  @typescript-eslint/no-explicit-any
260:38  Warning: Unexpected any. Specify a different type.  @typescript-eslint/no-explicit-any
303:51  Warning: Unexpected any. Specify a different type.  @typescript-eslint/no-explicit-any

./src/components/pages/MoviesGrid.tsx
11:18  Warning: Unexpected any. Specify a different type.  @typescript-eslint/no-explicit-any
12:18  Warning: Unexpected any. Specify a different type.  @typescript-eslint/no-explicit-any
19:42  Warning: Unexpected any. Specify a different type.  @typescript-eslint/no-explicit-any

./src/components/pages/MoviesPageClient.tsx
42:40  Warning: Unexpected any. Specify a different type.  @typescript-eslint/no-explicit-any

./src/components/pages/SeriesDetailsClient.tsx
5:16  Warning: 'Heart' is defined but never used.  @typescript-eslint/no-unused-vars
13:1  Warning: Use "@ts-expect-error" instead of "@ts-ignore", as "@ts-ignore" will do nothing if the following line is error-free.  @typescript-eslint/ban-ts-comment
14:31  Warning: Unexpected any. Specify a different type.  @typescript-eslint/no-explicit-any
17:11  Warning: Unexpected any. Specify a different type.  @typescript-eslint/no-explicit-any
18:12  Warning: Unexpected any. Specify a different type.  @typescript-eslint/no-explicit-any
22:10  Warning: 'inWatchlist' is assigned a value but never used.  @typescript-eslint/no-unused-vars
22:23  Warning: 'setInWatchlist' is assigned a value but never used.  @typescript-eslint/no-unused-vars
24:22  Warning: Unexpected any. Specify a different type.  @typescript-eslint/no-explicit-any
60:40  Warning: Unexpected any. Specify a different type.  @typescript-eslint/no-explicit-any
68:42  Warning: Unexpected any. Specify a different type.  @typescript-eslint/no-explicit-any
124:35  Warning: Unexpected any. Specify a different type.  @typescript-eslint/no-explicit-any
156:35  Warning: Unexpected any. Specify a different type.  @typescript-eslint/no-explicit-any
157:37  Warning: Unexpected any. Specify a different type.  @typescript-eslint/no-explicit-any

./src/components/pages/SeriesDetailsPage.tsx
6:39  Warning: 'Clock' is defined but never used.  @typescript-eslint/no-unused-vars
13:1  Warning: Use "@ts-expect-error" instead of "@ts-ignore", as "@ts-ignore" will do nothing if the following line is error-free.  @typescript-eslint/ban-ts-comment
14:31  Warning: Unexpected any. Specify a different type.  @typescript-eslint/no-explicit-any
18:40  Warning: Unexpected any. Specify a different type.  @typescript-eslint/no-explicit-any
19:42  Warning: Unexpected any. Specify a different type.  @typescript-eslint/no-explicit-any
20:44  Warning: Unexpected any. Specify a different type.  @typescript-eslint/no-explicit-any
21:19  Warning: 'setSimilar' is assigned a value but never used.  @typescript-eslint/no-unused-vars
21:42  Warning: Unexpected any. Specify a different type.  @typescript-eslint/no-explicit-any
22:36  Warning: Unexpected any. Specify a different type.  @typescript-eslint/no-explicit-any
39:55  Warning: Unexpected any. Specify a different type.  @typescript-eslint/no-explicit-any
89:9  Warning: 'status' is assigned a value but never used.  @typescript-eslint/no-unused-vars
90:9  Warning: 'networks' is assigned a value but never used.  @typescript-eslint/no-unused-vars
96:40  Warning: Unexpected any. Specify a different type.  @typescript-eslint/no-explicit-any
192:41  Warning: Unexpected any. Specify a different type.  @typescript-eslint/no-explicit-any
207:33  Warning: Unexpected any. Specify a different type.  @typescript-eslint/no-explicit-any
208:35  Warning: Unexpected any. Specify a different type.  @typescript-eslint/no-explicit-any
231:43  Warning: Unexpected any. Specify a different type.  @typescript-eslint/no-explicit-any
269:38  Warning: Unexpected any. Specify a different type.  @typescript-eslint/no-explicit-any
312:51  Warning: Unexpected any. Specify a different type.  @typescript-eslint/no-explicit-any

./src/components/pages/SeriesPageClient.tsx
48:40  Warning: Unexpected any. Specify a different type.  @typescript-eslint/no-explicit-any

./src/components/pages/WatchPage.tsx
24:42  Warning: Unexpected any. Specify a different type.  @typescript-eslint/no-explicit-any
25:42  Warning: Unexpected any. Specify a different type.  @typescript-eslint/no-explicit-any
26:44  Warning: Unexpected any. Specify a different type.  @typescript-eslint/no-explicit-any
27:36  Warning: Unexpected any. Specify a different type.  @typescript-eslint/no-explicit-any
28:42  Warning: Unexpected any. Specify a different type.  @typescript-eslint/no-explicit-any
262:37  Warning: Unexpected any. Specify a different type.  @typescript-eslint/no-explicit-any
276:54  Warning: Unexpected any. Specify a different type.  @typescript-eslint/no-explicit-any
300:38  Warning: Unexpected any. Specify a different type.  @typescript-eslint/no-explicit-any
393:35  Warning: Unexpected any. Specify a different type.  @typescript-eslint/no-explicit-any
394:32  Warning: Unexpected any. Specify a different type.  @typescript-eslint/no-explicit-any
420:40  Warning: Unexpected any. Specify a different type.  @typescript-eslint/no-explicit-any
451:48  Warning: Unexpected any. Specify a different type.  @typescript-eslint/no-explicit-any

./src/components/unified/UnifiedFilters.tsx
2:8  Warning: 'styles' is defined but never used.  @typescript-eslint/no-unused-vars

./src/contexts/AuthContext.tsx
5:24  Warning: 'Role' is defined but never used.  @typescript-eslint/no-unused-vars
7:15  Warning: 'Profile' is defined but never used.  @typescript-eslint/no-unused-vars
12:12  Warning: Unexpected any. Specify a different type.  @typescript-eslint/no-explicit-any
13:9  Warning: Unexpected any. Specify a different type.  @typescript-eslint/no-explicit-any
23:34  Warning: Unexpected any. Specify a different type.  @typescript-eslint/no-explicit-any

./src/hooks/useAggregateRatings.ts
97:21  Warning: Unexpected any. Specify a different type.  @typescript-eslint/no-explicit-any
107:28  Warning: Unexpected any. Specify a different type.  @typescript-eslint/no-explicit-any

./src/hooks/useAppPromoToast.ts
36:44  Warning: Unexpected any. Specify a different type.  @typescript-eslint/no-explicit-any

./src/hooks/useAudioController.ts
16:9  Warning: 'repeatMode' is assigned a value but never used.  @typescript-eslint/no-unused-vars
36:16  Warning: Unexpected any. Specify a different type.  @typescript-eslint/no-explicit-any
38:25  Warning: Unexpected any. Specify a different type.  @typescript-eslint/no-explicit-any
120:17  Warning: Unexpected any. Specify a different type.  @typescript-eslint/no-explicit-any
247:11  Warning: 'trackTitle' is assigned a value but never used.  @typescript-eslint/no-unused-vars
280:29  Warning: Unexpected any. Specify a different type.  @typescript-eslint/no-explicit-any
289:23  Warning: Unexpected any. Specify a different type.  @typescript-eslint/no-explicit-any
402:39  Warning: Unexpected any. Specify a different type.  @typescript-eslint/no-explicit-any
409:18  Warning: Unexpected any. Specify a different type.  @typescript-eslint/no-explicit-any
416:26  Warning: 'e' is defined but never used. Allowed unused args must match /^_/u.  @typescript-eslint/no-unused-vars

./src/hooks/useAuth.ts
56:63  Warning: Unexpected any. Specify a different type.  @typescript-eslint/no-explicit-any
73:17  Warning: Unexpected any. Specify a different type.  @typescript-eslint/no-explicit-any
83:16  Warning: 'e' is defined but never used.  @typescript-eslint/no-unused-vars
83:19  Warning: Unexpected any. Specify a different type.  @typescript-eslint/no-explicit-any
149:19  Warning: Unexpected any. Specify a different type.  @typescript-eslint/no-explicit-any

./src/hooks/useDualTitles.ts
13:38  Warning: Unexpected any. Specify a different type.  @typescript-eslint/no-explicit-any
16:29  Warning: Unexpected any. Specify a different type.  @typescript-eslint/no-explicit-any
21:9  Warning: 'originalTitle' is assigned a value but never used.  @typescript-eslint/no-unused-vars
22:9  Warning: 'originalLanguage' is assigned a value but never used.  @typescript-eslint/no-unused-vars

./src/hooks/useFetchContent.ts
2:10  Warning: 'supabase' is defined but never used.  @typescript-eslint/no-unused-vars

./src/hooks/useInitAuth.ts
28:16  Warning: 'e' is defined but never used.  @typescript-eslint/no-unused-vars
28:19  Warning: Unexpected any. Specify a different type.  @typescript-eslint/no-explicit-any

./src/hooks/useIntersectionObserver.ts
1:29  Warning: 'useCallback' is defined but never used.  @typescript-eslint/no-unused-vars

./src/hooks/useMediaSession.ts
96:21  Warning: Unexpected any. Specify a different type.  @typescript-eslint/no-explicit-any
131:21  Warning: Unexpected any. Specify a different type.  @typescript-eslint/no-explicit-any

./src/hooks/usePrefetchNextPage.ts
182:41  Warning: Unexpected any. Specify a different type.  @typescript-eslint/no-explicit-any

./src/hooks/usePwaInstall.ts
13:92  Warning: Unexpected any. Specify a different type.  @typescript-eslint/no-explicit-any

./src/hooks/useReciters.ts
49:23  Warning: Unexpected any. Specify a different type.  @typescript-eslint/no-explicit-any

./src/hooks/useRecommendations.ts
39:16  Warning: 'e' is defined but never used.  @typescript-eslint/no-unused-vars
39:19  Warning: Unexpected any. Specify a different type.  @typescript-eslint/no-explicit-any
68:30  Warning: Unexpected any. Specify a different type.  @typescript-eslint/no-explicit-any
71:29  Warning: Unexpected any. Specify a different type.  @typescript-eslint/no-explicit-any
79:48  Warning: Unexpected any. Specify a different type.  @typescript-eslint/no-explicit-any
116:54  Warning: Unexpected any. Specify a different type.  @typescript-eslint/no-explicit-any
118:16  Warning: 'e' is defined but never used.  @typescript-eslint/no-unused-vars
118:19  Warning: Unexpected any. Specify a different type.  @typescript-eslint/no-explicit-any
130:47  Warning: Unexpected any. Specify a different type.  @typescript-eslint/no-explicit-any
132:16  Warning: 'e' is defined but never used.  @typescript-eslint/no-unused-vars
132:19  Warning: Unexpected any. Specify a different type.  @typescript-eslint/no-explicit-any

./src/hooks/useSermonAudio.ts
32:21  Warning: Unexpected any. Specify a different type.  @typescript-eslint/no-explicit-any

./src/hooks/useSermons.ts
33:23  Warning: Unexpected any. Specify a different type.  @typescript-eslint/no-explicit-any

./src/hooks/useServers.ts
3:10  Warning: 'supabase' is defined but never used.  @typescript-eslint/no-unused-vars
62:23  Warning: Unexpected any. Specify a different type.  @typescript-eslint/no-explicit-any
139:13  Warning: Empty block statement.  no-empty

./src/hooks/useStories.ts
33:23  Warning: Unexpected any. Specify a different type.  @typescript-eslint/no-explicit-any

./src/hooks/useStoryAudio.ts
32:21  Warning: Unexpected any. Specify a different type.  @typescript-eslint/no-explicit-any

./src/hooks/useTranslatedContent.ts
4:45  Warning: Unexpected any. Specify a different type.  @typescript-eslint/no-explicit-any
9:49  Warning: Unexpected any. Specify a different type.  @typescript-eslint/no-explicit-any

./src/hooks/useTripleTitles.ts
12:42  Warning: Unexpected any. Specify a different type.  @typescript-eslint/no-explicit-any
15:29  Warning: Unexpected any. Specify a different type.  @typescript-eslint/no-explicit-any

./src/hooks/useUnifiedContent.ts
126:50  Warning: Unexpected any. Specify a different type.  @typescript-eslint/no-explicit-any
162:21  Warning: Unexpected any. Specify a different type.  @typescript-eslint/no-explicit-any

./src/hooks/useWatchProgress.ts
6:9  Warning: Unexpected any. Specify a different type.  @typescript-eslint/no-explicit-any
40:19  Warning: Empty block statement.  no-empty
73:19  Warning: Empty block statement.  no-empty
98:25  Warning: Unexpected any. Specify a different type.  @typescript-eslint/no-explicit-any

./src/lib/constants.ts
5:47  Warning: Unexpected any. Specify a different type.  @typescript-eslint/no-explicit-any
6:18  Warning: Unexpected any. Specify a different type.  @typescript-eslint/no-explicit-any

./src/lib/data-validation.ts
9:11  Warning: Unexpected any. Specify a different type.  @typescript-eslint/no-explicit-any
12:42  Warning: Unexpected any. Specify a different type.  @typescript-eslint/no-explicit-any
13:17  Warning: Unexpected any. Specify a different type.  @typescript-eslint/no-explicit-any
38:56  Warning: Unexpected any. Specify a different type.  @typescript-eslint/no-explicit-any
38:73  Warning: Unexpected any. Specify a different type.  @typescript-eslint/no-explicit-any
44:45  Warning: Unexpected any. Specify a different type.  @typescript-eslint/no-explicit-any
44:90  Warning: Unexpected any. Specify a different type.  @typescript-eslint/no-explicit-any

./src/lib/db.ts
10:35  Warning: 'page' is assigned a value but never used. Allowed unused args must match /^_/u.  @typescript-eslint/no-unused-vars
10:45  Warning: 'limit' is assigned a value but never used. Allowed unused args must match /^_/u.  @typescript-eslint/no-unused-vars
14:35  Warning: 'slug' is defined but never used. Allowed unused args must match /^_/u.  @typescript-eslint/no-unused-vars
18:36  Warning: 'seriesId' is defined but never used. Allowed unused args must match /^_/u.  @typescript-eslint/no-unused-vars
22:37  Warning: 'seasonId' is defined but never used. Allowed unused args must match /^_/u.  @typescript-eslint/no-unused-vars

./src/lib/error-handling.ts
2:24  Warning: Unexpected any. Specify a different type.  @typescript-eslint/no-explicit-any
6:35  Warning: Unexpected any. Specify a different type.  @typescript-eslint/no-explicit-any
10:32  Warning: Unexpected any. Specify a different type.  @typescript-eslint/no-explicit-any
15:32  Warning: Unexpected any. Specify a different type.  @typescript-eslint/no-explicit-any
19:35  Warning: Unexpected any. Specify a different type.  @typescript-eslint/no-explicit-any
23:33  Warning: Unexpected any. Specify a different type.  @typescript-eslint/no-explicit-any
27:31  Warning: Unexpected any. Specify a different type.  @typescript-eslint/no-explicit-any

./src/lib/filter-analytics.ts
2:79  Warning: Unexpected any. Specify a different type.  @typescript-eslint/no-explicit-any
4:51  Warning: Unexpected any. Specify a different type.  @typescript-eslint/no-explicit-any
5:16  Warning: Unexpected any. Specify a different type.  @typescript-eslint/no-explicit-any

./src/lib/filter-utils.ts
42:46  Warning: Unexpected any. Specify a different type.  @typescript-eslint/no-explicit-any

./src/lib/genre-utils.ts
3:35  Warning: 'contentType' is defined but never used. Allowed unused args must match /^_/u.  @typescript-eslint/no-unused-vars
3:57  Warning: 'lang' is defined but never used. Allowed unused args must match /^_/u.  @typescript-eslint/no-unused-vars

./src/lib/logger.ts
12:18  Warning: Unexpected any. Specify a different type.  @typescript-eslint/no-explicit-any
96:52  Warning: Unexpected any. Specify a different type.  @typescript-eslint/no-explicit-any
100:51  Warning: Unexpected any. Specify a different type.  @typescript-eslint/no-explicit-any
108:57  Warning: Unexpected any. Specify a different type.  @typescript-eslint/no-explicit-any

./src/lib/mediaUtils.ts
31:72  Warning: Unexpected any. Specify a different type.  @typescript-eslint/no-explicit-any
31:100  Warning: Unexpected any. Specify a different type.  @typescript-eslint/no-explicit-any

./src/lib/play-tracking.ts
28:48  Warning: 'type' is defined but never used. Allowed unused args must match /^_/u.  @typescript-eslint/no-unused-vars

./src/lib/prefetch.ts
6:31  Warning: Unexpected any. Specify a different type.  @typescript-eslint/no-explicit-any

./src/lib/seo-generator.ts
19:23  Warning: Unexpected any. Specify a different type.  @typescript-eslint/no-explicit-any
32:5  Warning: 'title_original' is assigned a value but never used.  @typescript-eslint/no-unused-vars
43:9  Warning: 'typeEn' is assigned a value but never used.  @typescript-eslint/no-unused-vars
56:12  Warning: 'e' is defined but never used.  @typescript-eslint/no-unused-vars
56:15  Warning: Empty block statement.  no-empty
165:5  Warning: 'overview_ar' is assigned a value but never used.  @typescript-eslint/no-unused-vars

./src/lib/subtitles.ts
20:43  Warning: Unexpected any. Specify a different type.  @typescript-eslint/no-explicit-any

./src/lib/supabase.ts
85:19  Warning: Unexpected any. Specify a different type.  @typescript-eslint/no-explicit-any
229:17  Warning: Unexpected any. Specify a different type.  @typescript-eslint/no-explicit-any
357:20  Warning: Unexpected any. Specify a different type.  @typescript-eslint/no-explicit-any
635:17  Warning: Unexpected any. Specify a different type.  @typescript-eslint/no-explicit-any
663:17  Warning: Unexpected any. Specify a different type.  @typescript-eslint/no-explicit-any
950:9  Warning: Unexpected any. Specify a different type.  @typescript-eslint/no-explicit-any
994:10  Warning: Unexpected any. Specify a different type.  @typescript-eslint/no-explicit-any
1140:33  Warning: Unexpected any. Specify a different type.  @typescript-eslint/no-explicit-any
1141:37  Warning: Unexpected any. Specify a different type.  @typescript-eslint/no-explicit-any
1280:17  Warning: Unexpected any. Specify a different type.  @typescript-eslint/no-explicit-any
1507:21  Warning: Unexpected any. Specify a different type.  @typescript-eslint/no-explicit-any

./src/lib/tmdb.ts
2:10  Warning: 'CONFIG' is defined but never used.  @typescript-eslint/no-unused-vars
64:9  Warning: Empty block statement.  no-empty
188:9  Warning: 'hasQuery' is assigned a value but never used.  @typescript-eslint/no-unused-vars
206:85  Warning: Unexpected any. Specify a different type.  @typescript-eslint/no-explicit-any
241:107  Warning: Unexpected any. Specify a different type.  @typescript-eslint/no-explicit-any
246:85  Warning: Unexpected any. Specify a different type.  @typescript-eslint/no-explicit-any

./src/lib/toast-manager.ts
54:40  Warning: Unexpected any. Specify a different type.  @typescript-eslint/no-explicit-any
63:38  Warning: Unexpected any. Specify a different type.  @typescript-eslint/no-explicit-any
72:37  Warning: Unexpected any. Specify a different type.  @typescript-eslint/no-explicit-any
81:40  Warning: Unexpected any. Specify a different type.  @typescript-eslint/no-explicit-any
90:40  Warning: Unexpected any. Specify a different type.  @typescript-eslint/no-explicit-any
104:32  Warning: Unexpected any. Specify a different type.  @typescript-eslint/no-explicit-any

./src/lib/translation.ts
10:27  Warning: Unexpected any. Specify a different type.  @typescript-eslint/no-explicit-any
20:51  Warning: Unexpected any. Specify a different type.  @typescript-eslint/no-explicit-any
27:54  Warning: Unexpected any. Specify a different type.  @typescript-eslint/no-explicit-any
37:38  Warning: 'movie' is defined but never used. Allowed unused args must match /^_/u.  @typescript-eslint/no-unused-vars
37:45  Warning: Unexpected any. Specify a different type.  @typescript-eslint/no-explicit-any

./src/lib/utils.ts
30:46  Warning: Unexpected any. Specify a different type.  @typescript-eslint/no-explicit-any
30:56  Warning: Unexpected any. Specify a different type.  @typescript-eslint/no-explicit-any
52:46  Warning: Unexpected any. Specify a different type.  @typescript-eslint/no-explicit-any
52:56  Warning: Unexpected any. Specify a different type.  @typescript-eslint/no-explicit-any
92:19  Warning: Unexpected any. Specify a different type.  @typescript-eslint/no-explicit-any
106:19  Warning: Unexpected any. Specify a different type.  @typescript-eslint/no-explicit-any
119:19  Warning: Unexpected any. Specify a different type.  @typescript-eslint/no-explicit-any

./src/services/contentAPI.ts
41:31  Warning: Unexpected any. Specify a different type.  @typescript-eslint/no-explicit-any
46:31  Warning: Unexpected any. Specify a different type.  @typescript-eslint/no-explicit-any
79:36  Warning: 'row' is defined but never used. Allowed unused args must match /^_/u.  @typescript-eslint/no-unused-vars
84:36  Warning: 'row' is defined but never used. Allowed unused args must match /^_/u.  @typescript-eslint/no-unused-vars
88:36  Warning: 'seasonId' is defined but never used. Allowed unused args must match /^_/u.  @typescript-eslint/no-unused-vars
92:37  Warning: 'row' is defined but never used. Allowed unused args must match /^_/u.  @typescript-eslint/no-unused-vars
96:37  Warning: 'episodeId' is defined but never used. Allowed unused args must match /^_/u.  @typescript-eslint/no-unused-vars
124:18  Warning: Unexpected any. Specify a different type.  @typescript-eslint/no-explicit-any
154:19  Warning: Unexpected any. Specify a different type.  @typescript-eslint/no-explicit-any

./src/services/contentQueries.ts
95:19  Warning: Unexpected any. Specify a different type.  @typescript-eslint/no-explicit-any
144:3  Warning: 'sort' is assigned a value but never used. Allowed unused args must match /^_/u.  @typescript-eslint/no-unused-vars
163:19  Warning: Unexpected any. Specify a different type.  @typescript-eslint/no-explicit-any
187:3  Warning: 'sort' is assigned a value but never used. Allowed unused args must match /^_/u.  @typescript-eslint/no-unused-vars
206:19  Warning: Unexpected any. Specify a different type.  @typescript-eslint/no-explicit-any
366:19  Warning: Unexpected any. Specify a different type.  @typescript-eslint/no-explicit-any
379:19  Warning: Unexpected any. Specify a different type.  @typescript-eslint/no-explicit-any
398:13  Warning: 'page' is assigned a value but never used.  @typescript-eslint/no-unused-vars
412:19  Warning: Unexpected any. Specify a different type.  @typescript-eslint/no-explicit-any
453:19  Warning: Unexpected any. Specify a different type.  @typescript-eslint/no-explicit-any
484:19  Warning: Unexpected any. Specify a different type.  @typescript-eslint/no-explicit-any
496:3  Warning: 'sort' is assigned a value but never used. Allowed unused args must match /^_/u.  @typescript-eslint/no-unused-vars
498:30  Warning: Unexpected any. Specify a different type.  @typescript-eslint/no-explicit-any
515:19  Warning: Unexpected any. Specify a different type.  @typescript-eslint/no-explicit-any
535:30  Warning: Unexpected any. Specify a different type.  @typescript-eslint/no-explicit-any
549:30  Warning: Unexpected any. Specify a different type.  @typescript-eslint/no-explicit-any
563:30  Warning: Unexpected any. Specify a different type.  @typescript-eslint/no-explicit-any
577:30  Warning: Unexpected any. Specify a different type.  @typescript-eslint/no-explicit-any
591:30  Warning: Unexpected any. Specify a different type.  @typescript-eslint/no-explicit-any

./src/services/errorLogging.ts
77:19  Warning: Unexpected any. Specify a different type.  @typescript-eslint/no-explicit-any
157:21  Warning: Unexpected any. Specify a different type.  @typescript-eslint/no-explicit-any

./src/services/ingestionAPI.ts
31:19  Warning: Unexpected any. Specify a different type.  @typescript-eslint/no-explicit-any
40:84  Warning: Unexpected any. Specify a different type.  @typescript-eslint/no-explicit-any

./src/services/recommendations.ts
1:22  Warning: 'getContinueWatching' is defined but never used.  @typescript-eslint/no-unused-vars
2:10  Warning: 'tmdb' is defined but never used.  @typescript-eslint/no-unused-vars
31:11  Warning: Empty block statement.  no-empty
80:9  Warning: 'topGenres' is assigned a value but never used.  @typescript-eslint/no-unused-vars
120:17  Warning: Unexpected any. Specify a different type.  @typescript-eslint/no-explicit-any
163:19  Warning: Unexpected any. Specify a different type.  @typescript-eslint/no-explicit-any
242:17  Warning: Unexpected any. Specify a different type.  @typescript-eslint/no-explicit-any
313:36  Warning: Unexpected any. Specify a different type.  @typescript-eslint/no-explicit-any
323:37  Warning: Unexpected any. Specify a different type.  @typescript-eslint/no-explicit-any

./src/state/useLang.ts
17:11  Warning: Empty block statement.  no-empty
27:59  Warning: Empty block statement.  no-empty
32:59  Warning: Empty block statement.  no-empty

./src/state/useQuranPlayerStore.ts
104:44  Warning: Unexpected any. Specify a different type.  @typescript-eslint/no-explicit-any

./src/types/global.d.ts
184:22  Warning: Unexpected any. Specify a different type.  @typescript-eslint/no-explicit-any
184:36  Warning: Unexpected any. Specify a different type.  @typescript-eslint/no-explicit-any

./src/types/helmet-pwa.d.ts
8:40  Warning: Unexpected any. Specify a different type.  @typescript-eslint/no-explicit-any

./src/types/subsection.ts
28:27  Warning: Unexpected any. Specify a different type.  @typescript-eslint/no-explicit-any

./src/types/ui.ts
109:29  Warning: Unexpected any. Specify a different type.  @typescript-eslint/no-explicit-any

./src/utils/adNeutralizer.ts
8:22  Warning: 'iframe' is defined but never used. Allowed unused args must match /^_/u.  @typescript-eslint/no-unused-vars

info  - Need to disable some ESLint rules? Learn more here: https://nextjs.org/docs/app/api-reference/config/eslint#disabling-rules
